// Jest Snapshot v1, https://goo.gl/fbAQLP

exports[`Layout tests renders 1`] = `
<body>
  <div>
    <div>
      <p
        class="MuiTypography-root MuiTypography-body1"
      >
        App Header
      </p>
      <div
        class="MuiFormControl-root makeStyles-root-31"
      >
        <div
          class="MuiBox-root MuiBox-root-43 makeStyles-box-32 makeStyles-box-36"
        >
          <button
            class="MuiButtonBase-root MuiIconButton-root makeStyles-button-33 makeStyles-button-37 MuiIconButton-sizeSmall"
            tabindex="0"
            title="subtract"
            type="button"
          >
            <span
              class="MuiIconButton-label"
            >
              <svg
                aria-hidden="true"
                class="MuiSvgIcon-root"
                focusable="false"
                role="presentation"
                viewBox="0 0 24 24"
              >
                <path
                  d="M18 13H6c-.55 0-1-.45-1-1s.45-1 1-1h12c.55 0 1 .45 1 1s-.45 1-1 1z"
                />
              </svg>
            </span>
          </button>
          <div
            class="MuiInputBase-root MuiInput-root makeStyles-input-34 MuiInputBase-formControl MuiInput-formControl"
          >
            <input
              aria-invalid="false"
              class="MuiInputBase-input MuiInput-input"
              pattern="/\\\\d+/"
              size="2"
              type="number"
              value="0"
            />
          </div>
          <button
            class="MuiButtonBase-root MuiIconButton-root makeStyles-button-33 makeStyles-button-37 MuiIconButton-sizeSmall"
            tabindex="0"
            title="add"
            type="button"
          >
            <span
              class="MuiIconButton-label"
            >
              <svg
                aria-hidden="true"
                class="MuiSvgIcon-root"
                focusable="false"
                role="presentation"
                viewBox="0 0 24 24"
              >
                <path
                  d="M18 13h-5v5c0 .55-.45 1-1 1s-1-.45-1-1v-5H6c-.55 0-1-.45-1-1s.45-1 1-1h5V6c0-.55.45-1 1-1s1 .45 1 1v5h5c.55 0 1 .45 1 1s-.45 1-1 1z"
                />
              </svg>
            </span>
          </button>
        </div>
        <p
          class="MuiFormHelperText-root makeStyles-formHelperText-35 MuiFormHelperText-filled"
        />
      </div>
    </div>
  </div>
</body>
`;
