// Jest Snapshot v1, https://goo.gl/fbAQLP

exports[`Layout tests renders 1`] = `
<body>
  <div>
    <div>
      <p
        class="MuiTypography-root MuiTypography-body1"
      >
        App Header
      </p>
      <div>
        I'm a child
      </div>
    </div>
  </div>
</body>
`;
